../Drivers/CMSIS/Include/core_cm3.h:1876:26:ITM_SendChar	16	static,ignoring_inline_asm
../Core/Src/main.c:39:5:main	120	static
../Core/Src/main.c:151:6:readSensors	64	static
../Core/Src/main.c:238:6:calculateTemperatures	32	static
../Core/Src/main.c:252:6:UART_Print	24	static
../Core/Src/main.c:261:13:MX_ADC1_Init	8	static
../Core/Src/main.c:280:13:MX_CAN_Init	8	static
../Core/Src/main.c:299:13:MX_USART1_Init	8	static
../Core/Src/main.c:315:13:MX_GPIO_Init	40	static
../Core/Src/main.c:334:6:SystemClock_Config	88	static
../Core/Src/main.c:375:6:Error_Handler	16	static
